---
source: crates/ffs-harness/src/inventory_closeout_gate.rs
expression: markdown
---
# Inventory Closeout Gate

- gate: `frankenfs_inventory_closeout_v1`
- schema version: `1`
- bead: `bd-rpjp9`
- valid: `true`
- rows: `8`
- completed rows: `5`
- stale-allowed rows: `1`
- false-positive rows: `1`

## High-Risk Surfaces
- `fuzz`
- `golden`
- `mounted_path`
- `parser`
- `performance`
- `readme_feature_parity`
- `repair`
- `xfstests`
