---
source: crates/ffs-harness/src/performance_baseline_manifest.rs
expression: json
---
{
  "schema_version": 1,
  "manifest_id": "bd-rchk5.1-performance-baseline-v1",
  "valid": true,
  "workload_count": 12,
  "shared_qa_schema_version": 1,
  "required_environment_fields": [
    "manifest_version",
    "git_sha",
    "built_with",
    "os",
    "host_id",
    "worker_id",
    "cpu_model",
    "cpu_cores_logical",
    "cpu_cores_physical",
    "ram_total_gb",
    "storage_class",
    "governor",
    "mitigations",
    "kernel.version",
    "fuse.version",
    "kernel_fuse_mode",
    "cargo_profile",
    "target_dir",
    "resource_limits.cpu_cores",
    "resource_limits.memory_gib",
    "capabilities.fuse"
  ],
  "required_log_fields": [
    "workload_id",
    "claim_tier_before",
    "claim_tier_after",
    "baseline_id",
    "baseline_artifact_hash",
    "current_artifact_id",
    "current_artifact_hash",
    "environment_fingerprint",
    "command",
    "profile",
    "target_dir",
    "artifact_path",
    "metric_unit",
    "observed_value",
    "comparison_target",
    "warn_percent",
    "fail_percent",
    "max_cv",
    "freshness_window_days",
    "overhead_budget",
    "runtime_seconds",
    "memory_mib",
    "instrumentation_overhead_percent",
    "stale_baseline_expiry_days",
    "noise_decision",
    "stale_decision",
    "budget_decision",
    "overhead_decision",
    "comparison_verdict",
    "public_claim_state",
    "release_claim_effect",
    "docs_wording_id",
    "statistical_summary",
    "raw_stdout_path",
    "raw_stderr_path",
    "environment_manifest",
    "output_path",
    "reproduction_command"
  ],
  "command_expansions": [
    {
      "workload_id": "block_io_direct_sequential_4k_read",
      "command": "cargo bench -p ffs-block --profile release-perf --bench arc_cache -- block_cache_arc_sequential_scan",
      "cargo_profile": "release-perf",
      "target_dir": "artifacts/performance/dry-run/target/block_io_direct_sequential_4k_read",
      "artifact_path": "results/block_io_direct_sequential_4k_read.json",
      "workload_kind": "core_non_mounted",
      "kernel_fuse_mode": "not_required",
      "skip_semantics": "never_skip",
      "metric_unit": "nanoseconds",
      "comparison_target": "previous_baseline_same_manifest_same_host_profile"
    },
    {
      "workload_id": "arc_cache_warm_read_latency",
      "command": "cargo bench -p ffs-block --profile release-perf --bench arc_cache -- block_cache_arc_mixed_seq70_hot30",
      "cargo_profile": "release-perf",
      "target_dir": "artifacts/performance/dry-run/target/arc_cache_warm_read_latency",
      "artifact_path": "results/arc_cache_warm_read_latency.json",
      "workload_kind": "core_non_mounted",
      "kernel_fuse_mode": "not_required",
      "skip_semantics": "never_skip",
      "metric_unit": "nanoseconds",
      "comparison_target": "previous_baseline_same_manifest_same_host_profile"
    },
    {
      "workload_id": "block_cache_sharded_arc_concurrent_hot_read_64threads",
      "command": "cargo bench -p ffs-block --profile release-perf --bench arc_cache -- block_cache_sharded_arc_concurrent_hot_read_64threads",
      "cargo_profile": "release-perf",
      "target_dir": "artifacts/performance/dry-run/target/block_cache_sharded_arc_concurrent_hot_read_64threads",
      "artifact_path": "results/block_cache_sharded_arc_concurrent_hot_read_64threads.json",
      "workload_kind": "core_non_mounted",
      "kernel_fuse_mode": "not_required",
      "skip_semantics": "never_skip",
      "metric_unit": "microseconds",
      "comparison_target": "previous_baseline_same_manifest_same_host_profile"
    },
    {
      "workload_id": "block_cache_sharded_s3fifo_concurrent_hot_read_64threads",
      "command": "cargo bench -p ffs-block --features s3fifo --profile release-perf --bench arc_cache -- block_cache_sharded_s3fifo_concurrent_hot_read_64threads",
      "cargo_profile": "release-perf",
      "target_dir": "artifacts/performance/dry-run/target/block_cache_sharded_s3fifo_concurrent_hot_read_64threads",
      "artifact_path": "results/block_cache_sharded_s3fifo_concurrent_hot_read_64threads.json",
      "workload_kind": "core_non_mounted",
      "kernel_fuse_mode": "not_required",
      "skip_semantics": "never_skip",
      "metric_unit": "microseconds",
      "comparison_target": "previous_baseline_same_manifest_same_host_profile"
    },
    {
      "workload_id": "mvcc_optimistic_commit_no_conflict",
      "command": "cargo bench -p ffs-mvcc --profile release-perf --bench wal_throughput -- wal_commit_4k_sync",
      "cargo_profile": "release-perf",
      "target_dir": "artifacts/performance/dry-run/target/mvcc_optimistic_commit_no_conflict",
      "artifact_path": "results/mvcc_optimistic_commit_no_conflict.json",
      "workload_kind": "core_non_mounted",
      "kernel_fuse_mode": "not_required",
      "skip_semantics": "never_skip",
      "metric_unit": "ops_per_sec",
      "comparison_target": "previous_baseline_same_manifest_same_host_profile"
    },
    {
      "workload_id": "mvcc_conflict_detection_rate",
      "command": "cargo bench -p ffs-mvcc --profile release-perf --bench wal_throughput -- mvcc_contention_4writers",
      "cargo_profile": "release-perf",
      "target_dir": "artifacts/performance/dry-run/target/mvcc_conflict_detection_rate",
      "artifact_path": "results/mvcc_conflict_detection_rate.json",
      "workload_kind": "core_non_mounted",
      "kernel_fuse_mode": "not_required",
      "skip_semantics": "never_skip",
      "metric_unit": "ops_per_sec",
      "comparison_target": "previous_baseline_same_manifest_same_host_profile"
    },
    {
      "workload_id": "repair_lrc_encode_throughput",
      "command": "cargo bench -p ffs-repair --profile release-perf --bench scrub_codec -- raptorq_encode_group_16blocks",
      "cargo_profile": "release-perf",
      "target_dir": "artifacts/performance/dry-run/target/repair_lrc_encode_throughput",
      "artifact_path": "results/repair_lrc_encode_throughput.json",
      "workload_kind": "repair_scrub_refresh",
      "kernel_fuse_mode": "not_required",
      "skip_semantics": "never_skip",
      "metric_unit": "mb_per_sec",
      "comparison_target": "previous_baseline_same_manifest_same_host_profile"
    },
    {
      "workload_id": "repair_symbol_refresh_staleness_latency",
      "command": "cargo bench -p ffs-repair --profile release-perf --bench scrub_codec -- repair_symbol_refresh_staleness_latency",
      "cargo_profile": "release-perf",
      "target_dir": "artifacts/performance/dry-run/target/repair_symbol_refresh_staleness_latency",
      "artifact_path": "results/repair_symbol_refresh_staleness_latency.json",
      "workload_kind": "repair_scrub_refresh",
      "kernel_fuse_mode": "not_required",
      "skip_semantics": "never_skip",
      "metric_unit": "milliseconds",
      "comparison_target": "missing_dataset_followup"
    },
    {
      "workload_id": "cli_metadata_parse_conformance",
      "command": "cargo bench -p ffs-harness --profile release-perf --bench metadata_parse -- metadata_parse",
      "cargo_profile": "release-perf",
      "target_dir": "artifacts/performance/dry-run/target/cli_metadata_parse_conformance",
      "artifact_path": "results/cli_metadata_parse_conformance.json",
      "workload_kind": "cli_inspect_parity",
      "kernel_fuse_mode": "not_required",
      "skip_semantics": "never_skip",
      "metric_unit": "microseconds",
      "comparison_target": "previous_baseline_same_manifest_same_host_profile"
    },
    {
      "workload_id": "fuse_metadata_readdir_1k",
      "command": "scripts/mount_benchmark_probe.sh --bin target/release-perf/ffs-cli --image datasets/ext4_1k_readdir.img --mount-root artifacts/performance/dry-run/mnt --mode warm --out-json artifacts/performance/dry-run/results/fuse_metadata_readdir_1k.probe.json",
      "cargo_profile": "release-perf",
      "target_dir": "artifacts/performance/dry-run/target/fuse_metadata_readdir_1k",
      "artifact_path": "results/fuse_metadata_readdir_1k.json",
      "workload_kind": "permissioned_mounted",
      "kernel_fuse_mode": "permissioned_required",
      "skip_semantics": "capability_skip",
      "metric_unit": "milliseconds",
      "comparison_target": "host_capability_or_previous_baseline"
    },
    {
      "workload_id": "fuse_sequential_read_4k",
      "command": "scripts/mount_benchmark_probe.sh --bin target/release-perf/ffs-cli --image datasets/ext4_16mib_read.img --mount-root artifacts/performance/dry-run/mnt --mode cold --out-json artifacts/performance/dry-run/results/fuse_sequential_read_4k.probe.json",
      "cargo_profile": "release-perf",
      "target_dir": "artifacts/performance/dry-run/target/fuse_sequential_read_4k",
      "artifact_path": "results/fuse_sequential_read_4k.json",
      "workload_kind": "permissioned_mounted",
      "kernel_fuse_mode": "permissioned_required",
      "skip_semantics": "capability_skip",
      "metric_unit": "mb_per_sec",
      "comparison_target": "host_capability_or_previous_baseline"
    },
    {
      "workload_id": "long_campaign_writeback_cache_smoke",
      "command": "PERF_PROFILE=release-perf scripts/e2e/ffs_soak_canary_campaign_e2e.sh --dry-run",
      "cargo_profile": "release-perf",
      "target_dir": "artifacts/performance/dry-run/target/long_campaign_writeback_cache_smoke",
      "artifact_path": "results/long_campaign_writeback_cache_smoke.json",
      "workload_kind": "long_campaign_observation",
      "kernel_fuse_mode": "host_capability_skip",
      "skip_semantics": "long_campaign_deferred",
      "metric_unit": "milliseconds",
      "comparison_target": "long_campaign_performance_observation"
    }
  ],
  "workload_kind_counts": {
    "cli_inspect_parity": 1,
    "core_non_mounted": 6,
    "long_campaign_observation": 1,
    "permissioned_mounted": 2,
    "repair_scrub_refresh": 2
  },
  "missing_required_workload_kinds": [],
  "fixture_evidence_reports": [
    {
      "fixture_id": "fixture_pass_core",
      "workload_id": "block_io_direct_sequential_4k_read",
      "claim_tier_before": "experimental",
      "claim_tier_after": "regression_free",
      "evidence_authority": "authoritative",
      "baseline_id": "baseline-20260406",
      "baseline_artifact_hash": "sha256:abababababababababababababababababababababababababababababababab",
      "current_artifact_id": "current-pass-core",
      "current_artifact_hash": "sha256:bbbbbbbbbbbbbbbbbbbbbbbbbbbbbbbbbbbbbbbbbbbbbbbbbbbbbbbbbbbbbbbb",
      "environment_fingerprint": "env:reference-threadripper:fuse-off:release-perf",
      "environment_matches_claim_lane": true,
      "metric_unit": "nanoseconds",
      "observed_value": 102.0,
      "threshold": {
        "warn_percent": 12.0,
        "fail_percent": 25.0,
        "max_cv": 0.1
      },
      "baseline_age_days": 2,
      "freshness_window_days": 14,
      "overhead_budget": {
        "max_runtime_seconds": 300.0,
        "max_memory_mib": 4096,
        "max_instrumentation_overhead_percent": 5.0
      },
      "runtime_seconds": 120.0,
      "memory_mib": 1024,
      "instrumentation_overhead_percent": 2.0,
      "statistical_summary": {
        "sample_count": 30,
        "median": 102.0,
        "p95": 118.0,
        "p99": 126.0,
        "coefficient_of_variation": 0.04
      },
      "stale_baseline_expiry_days": 14,
      "coefficient_of_variation": 0.04,
      "noise_decision": "noise_within_budget",
      "stale_decision": "fresh",
      "budget_decision": "budget_within_limit",
      "overhead_decision": "instrumentation_overhead_within_limit",
      "comparison_verdict": "pass",
      "public_claim_state": "regression_free",
      "release_claim_effect": "regression_free_claim",
      "docs_wording_id": "perf.block_io.regression_free",
      "follow_up_bead": "bd-rchk5.2",
      "output_path": "results/block_io_direct_sequential_4k_read.json",
      "raw_stdout_path": "raw/pass_core.stdout",
      "raw_stderr_path": "raw/pass_core.stderr",
      "reproduction_command": "cargo bench -p ffs-block --profile release-perf --bench arc_cache -- block_cache_arc_sequential_scan"
    },
    {
      "fixture_id": "fixture_warn_cli",
      "workload_id": "cli_metadata_parse_conformance",
      "claim_tier_before": "measured_authoritative",
      "claim_tier_after": "measured_local",
      "evidence_authority": "local",
      "baseline_id": "baseline-20260406",
      "baseline_artifact_hash": "sha256:bcbcbcbcbcbcbcbcbcbcbcbcbcbcbcbcbcbcbcbcbcbcbcbcbcbcbcbcbcbcbcbc",
      "current_artifact_id": "current-warn-cli",
      "current_artifact_hash": "sha256:cccccccccccccccccccccccccccccccccccccccccccccccccccccccccccccccc",
      "environment_fingerprint": "env:reference-threadripper:fuse-off:release-perf",
      "environment_matches_claim_lane": true,
      "metric_unit": "microseconds",
      "observed_value": 112.0,
      "threshold": {
        "warn_percent": 10.0,
        "fail_percent": 20.0,
        "max_cv": 0.1
      },
      "baseline_age_days": 2,
      "freshness_window_days": 14,
      "overhead_budget": {
        "max_runtime_seconds": 300.0,
        "max_memory_mib": 4096,
        "max_instrumentation_overhead_percent": 5.0
      },
      "runtime_seconds": 90.0,
      "memory_mib": 1024,
      "instrumentation_overhead_percent": 2.5,
      "statistical_summary": {
        "sample_count": 30,
        "median": 112.0,
        "p95": 130.0,
        "p99": 144.0,
        "coefficient_of_variation": 0.05
      },
      "stale_baseline_expiry_days": 14,
      "coefficient_of_variation": 0.05,
      "noise_decision": "noise_within_budget",
      "stale_decision": "fresh",
      "budget_decision": "budget_within_limit",
      "overhead_decision": "instrumentation_overhead_within_limit",
      "comparison_verdict": "warn",
      "public_claim_state": "measured_local",
      "release_claim_effect": "local_claim",
      "docs_wording_id": "perf.cli.local",
      "follow_up_bead": "bd-rchk5.2",
      "output_path": "results/cli_metadata_parse_conformance.json",
      "raw_stdout_path": "raw/warn_cli.stdout",
      "raw_stderr_path": "raw/warn_cli.stderr",
      "reproduction_command": "cargo bench -p ffs-harness --profile release-perf --bench metadata_parse -- metadata_parse"
    },
    {
      "fixture_id": "fixture_fail_mvcc",
      "workload_id": "mvcc_conflict_detection_rate",
      "claim_tier_before": "measured_authoritative",
      "claim_tier_after": "experimental",
      "evidence_authority": "authoritative",
      "baseline_id": "baseline-20260406",
      "baseline_artifact_hash": "sha256:cdcdcdcdcdcdcdcdcdcdcdcdcdcdcdcdcdcdcdcdcdcdcdcdcdcdcdcdcdcdcdcd",
      "current_artifact_id": "current-fail-mvcc",
      "current_artifact_hash": "sha256:dddddddddddddddddddddddddddddddddddddddddddddddddddddddddddddddd",
      "environment_fingerprint": "env:reference-threadripper:fuse-off:release-perf",
      "environment_matches_claim_lane": true,
      "metric_unit": "ops_per_sec",
      "observed_value": 70.0,
      "threshold": {
        "warn_percent": 20.0,
        "fail_percent": 40.0,
        "max_cv": 0.1
      },
      "baseline_age_days": 2,
      "freshness_window_days": 14,
      "overhead_budget": {
        "max_runtime_seconds": 300.0,
        "max_memory_mib": 4096,
        "max_instrumentation_overhead_percent": 5.0
      },
      "runtime_seconds": 130.0,
      "memory_mib": 1536,
      "instrumentation_overhead_percent": 2.0,
      "statistical_summary": {
        "sample_count": 30,
        "median": 70.0,
        "p95": 85.0,
        "p99": 92.0,
        "coefficient_of_variation": 0.05
      },
      "stale_baseline_expiry_days": 14,
      "coefficient_of_variation": 0.05,
      "noise_decision": "noise_within_budget",
      "stale_decision": "fresh",
      "budget_decision": "budget_within_limit",
      "overhead_decision": "instrumentation_overhead_within_limit",
      "comparison_verdict": "fail",
      "public_claim_state": "experimental",
      "release_claim_effect": "authoritative_claim",
      "docs_wording_id": "perf.mvcc.conflict.authoritative",
      "follow_up_bead": "bd-rchk5.2",
      "output_path": "results/mvcc_conflict_detection_rate.json",
      "raw_stdout_path": "raw/fail_mvcc.stdout",
      "raw_stderr_path": "raw/fail_mvcc.stderr",
      "reproduction_command": "cargo bench -p ffs-mvcc --profile release-perf --bench wal_throughput -- mvcc_contention_4writers"
    },
    {
      "fixture_id": "fixture_noisy_repair",
      "workload_id": "repair_lrc_encode_throughput",
      "claim_tier_before": "measured_authoritative",
      "claim_tier_after": "experimental",
      "evidence_authority": "authoritative",
      "baseline_id": "baseline-20260406",
      "baseline_artifact_hash": "sha256:dededededededededededededededededededededededededededededededede",
      "current_artifact_id": "current-noisy-repair",
      "current_artifact_hash": "sha256:eeeeeeeeeeeeeeeeeeeeeeeeeeeeeeeeeeeeeeeeeeeeeeeeeeeeeeeeeeeeeeee",
      "environment_fingerprint": "env:reference-threadripper:fuse-off:release-perf",
      "environment_matches_claim_lane": true,
      "metric_unit": "mb_per_sec",
      "observed_value": 96.0,
      "threshold": {
        "warn_percent": 10.0,
        "fail_percent": 20.0,
        "max_cv": 0.1
      },
      "baseline_age_days": 2,
      "freshness_window_days": 14,
      "overhead_budget": {
        "max_runtime_seconds": 360.0,
        "max_memory_mib": 8192,
        "max_instrumentation_overhead_percent": 5.0
      },
      "runtime_seconds": 150.0,
      "memory_mib": 2048,
      "instrumentation_overhead_percent": 2.0,
      "statistical_summary": {
        "sample_count": 30,
        "median": 96.0,
        "p95": 160.0,
        "p99": 190.0,
        "coefficient_of_variation": 0.22
      },
      "stale_baseline_expiry_days": 14,
      "coefficient_of_variation": 0.22,
      "noise_decision": "quarantine_noisy",
      "stale_decision": "fresh",
      "budget_decision": "budget_within_limit",
      "overhead_decision": "instrumentation_overhead_within_limit",
      "comparison_verdict": "noisy",
      "public_claim_state": "experimental",
      "release_claim_effect": "authoritative_claim",
      "docs_wording_id": "perf.repair.authoritative",
      "follow_up_bead": "bd-rchk5.2",
      "output_path": "results/repair_lrc_encode_throughput.json",
      "raw_stdout_path": "raw/noisy_repair.stdout",
      "raw_stderr_path": "raw/noisy_repair.stderr",
      "reproduction_command": "cargo bench -p ffs-repair --profile release-perf --bench scrub_codec -- raptorq_encode_group_16blocks"
    },
    {
      "fixture_id": "fixture_stale_fuse",
      "workload_id": "fuse_metadata_readdir_1k",
      "claim_tier_before": "measured_authoritative",
      "claim_tier_after": "experimental",
      "evidence_authority": "authoritative",
      "baseline_id": "baseline-20260406",
      "baseline_artifact_hash": "sha256:efefefefefefefefefefefefefefefefefefefefefefefefefefefefefefefef",
      "current_artifact_id": "current-stale-fuse",
      "current_artifact_hash": "sha256:ffffffffffffffffffffffffffffffffffffffffffffffffffffffffffffffff",
      "environment_fingerprint": "env:reference-threadripper:fuse-on:release-perf",
      "environment_matches_claim_lane": true,
      "metric_unit": "milliseconds",
      "observed_value": 101.0,
      "threshold": {
        "warn_percent": 25.0,
        "fail_percent": 50.0,
        "max_cv": 0.1
      },
      "baseline_age_days": 30,
      "freshness_window_days": 7,
      "overhead_budget": {
        "max_runtime_seconds": 420.0,
        "max_memory_mib": 4096,
        "max_instrumentation_overhead_percent": 7.5
      },
      "runtime_seconds": 160.0,
      "memory_mib": 2048,
      "instrumentation_overhead_percent": 3.0,
      "statistical_summary": {
        "sample_count": 30,
        "median": 101.0,
        "p95": 118.0,
        "p99": 130.0,
        "coefficient_of_variation": 0.05
      },
      "stale_baseline_expiry_days": 7,
      "coefficient_of_variation": 0.05,
      "noise_decision": "noise_within_budget",
      "stale_decision": "quarantine_stale",
      "budget_decision": "budget_within_limit",
      "overhead_decision": "instrumentation_overhead_within_limit",
      "comparison_verdict": "stale",
      "public_claim_state": "experimental",
      "release_claim_effect": "authoritative_claim",
      "docs_wording_id": "perf.fuse.readdir.authoritative",
      "follow_up_bead": "bd-rchk5.3",
      "output_path": "results/fuse_metadata_readdir_1k.json",
      "raw_stdout_path": "raw/stale_fuse.stdout",
      "raw_stderr_path": "raw/stale_fuse.stderr",
      "reproduction_command": "scripts/mount_benchmark_probe.sh --bin target/release-perf/ffs-cli --image datasets/ext4_1k_readdir.img --mount-root artifacts/performance/dry-run/mnt --mode warm"
    },
    {
      "fixture_id": "fixture_missing_long_campaign",
      "workload_id": "long_campaign_writeback_cache_smoke",
      "claim_tier_before": "fixture_smoke_only",
      "claim_tier_after": "experimental",
      "evidence_authority": "fixture_smoke",
      "baseline_id": "missing-baseline",
      "baseline_artifact_hash": "sha256:1212121212121212121212121212121212121212121212121212121212121212",
      "current_artifact_id": "missing-current-artifact",
      "current_artifact_hash": "sha256:1313131313131313131313131313131313131313131313131313131313131313",
      "environment_fingerprint": "env:local-unprivileged:fuse-unknown:release-perf",
      "environment_matches_claim_lane": true,
      "metric_unit": "milliseconds",
      "observed_value": 0.0,
      "threshold": {
        "warn_percent": 30.0,
        "fail_percent": 60.0,
        "max_cv": 0.2
      },
      "baseline_age_days": 0,
      "freshness_window_days": 3,
      "overhead_budget": {
        "max_runtime_seconds": 900.0,
        "max_memory_mib": 8192,
        "max_instrumentation_overhead_percent": 10.0
      },
      "runtime_seconds": 0.0,
      "memory_mib": 0,
      "instrumentation_overhead_percent": 0.0,
      "statistical_summary": {
        "sample_count": 0,
        "median": 0.0,
        "p95": 0.0,
        "p99": 0.0,
        "coefficient_of_variation": 0.0
      },
      "stale_baseline_expiry_days": 3,
      "coefficient_of_variation": 0.0,
      "noise_decision": "noise_within_budget",
      "stale_decision": "fresh",
      "budget_decision": "budget_within_limit",
      "overhead_decision": "instrumentation_overhead_within_limit",
      "comparison_verdict": "missing",
      "public_claim_state": "experimental",
      "release_claim_effect": "fixture_smoke_claim",
      "docs_wording_id": "perf.long_campaign.fixture_smoke",
      "follow_up_bead": "bd-t21em",
      "output_path": "results/long_campaign_writeback_cache_smoke.json",
      "raw_stdout_path": "raw/missing_long_campaign.stdout",
      "raw_stderr_path": "raw/missing_long_campaign.stderr",
      "reproduction_command": "PERF_PROFILE=release-perf scripts/e2e/ffs_soak_canary_campaign_e2e.sh --dry-run"
    },
    {
      "fixture_id": "fixture_missing_baseline_arc",
      "workload_id": "arc_cache_warm_read_latency",
      "claim_tier_before": "measured_authoritative",
      "claim_tier_after": "experimental",
      "evidence_authority": "authoritative",
      "baseline_id": "missing-baseline",
      "baseline_artifact_hash": "sha256:0000000000000000000000000000000000000000000000000000000000000000",
      "current_artifact_id": "current-missing-baseline-arc",
      "current_artifact_hash": "sha256:1414141414141414141414141414141414141414141414141414141414141414",
      "environment_fingerprint": "env:reference-threadripper:fuse-off:release-perf",
      "environment_matches_claim_lane": true,
      "metric_unit": "nanoseconds",
      "observed_value": 104.0,
      "threshold": {
        "warn_percent": 12.0,
        "fail_percent": 25.0,
        "max_cv": 0.1
      },
      "baseline_age_days": 0,
      "freshness_window_days": 14,
      "overhead_budget": {
        "max_runtime_seconds": 300.0,
        "max_memory_mib": 4096,
        "max_instrumentation_overhead_percent": 5.0
      },
      "runtime_seconds": 110.0,
      "memory_mib": 1024,
      "instrumentation_overhead_percent": 2.0,
      "statistical_summary": {
        "sample_count": 30,
        "median": 104.0,
        "p95": 121.0,
        "p99": 130.0,
        "coefficient_of_variation": 0.04
      },
      "stale_baseline_expiry_days": 14,
      "coefficient_of_variation": 0.04,
      "noise_decision": "noise_within_budget",
      "stale_decision": "fresh",
      "budget_decision": "budget_within_limit",
      "overhead_decision": "instrumentation_overhead_within_limit",
      "comparison_verdict": "missing_baseline",
      "public_claim_state": "experimental",
      "release_claim_effect": "authoritative_claim",
      "docs_wording_id": "perf.arc.authoritative",
      "follow_up_bead": "bd-rchk5.2",
      "output_path": "results/arc_cache_warm_read_latency.json",
      "raw_stdout_path": "raw/missing_baseline_arc.stdout",
      "raw_stderr_path": "raw/missing_baseline_arc.stderr",
      "reproduction_command": "cargo bench -p ffs-block --profile release-perf --bench arc_cache -- block_cache_arc_mixed_seq70_hot30"
    },
    {
      "fixture_id": "fixture_environment_mismatch_fuse_read",
      "workload_id": "fuse_sequential_read_4k",
      "claim_tier_before": "measured_authoritative",
      "claim_tier_after": "experimental",
      "evidence_authority": "local",
      "baseline_id": "baseline-20260406",
      "baseline_artifact_hash": "sha256:1515151515151515151515151515151515151515151515151515151515151515",
      "current_artifact_id": "current-env-mismatch-fuse-read",
      "current_artifact_hash": "sha256:1616161616161616161616161616161616161616161616161616161616161616",
      "environment_fingerprint": "env:local-unprivileged:fuse-off:debug",
      "environment_matches_claim_lane": false,
      "metric_unit": "mb_per_sec",
      "observed_value": 98.0,
      "threshold": {
        "warn_percent": 25.0,
        "fail_percent": 50.0,
        "max_cv": 0.1
      },
      "baseline_age_days": 2,
      "freshness_window_days": 7,
      "overhead_budget": {
        "max_runtime_seconds": 420.0,
        "max_memory_mib": 4096,
        "max_instrumentation_overhead_percent": 7.5
      },
      "runtime_seconds": 160.0,
      "memory_mib": 2048,
      "instrumentation_overhead_percent": 3.0,
      "statistical_summary": {
        "sample_count": 30,
        "median": 98.0,
        "p95": 115.0,
        "p99": 125.0,
        "coefficient_of_variation": 0.05
      },
      "stale_baseline_expiry_days": 7,
      "coefficient_of_variation": 0.05,
      "noise_decision": "noise_within_budget",
      "stale_decision": "fresh",
      "budget_decision": "budget_within_limit",
      "overhead_decision": "instrumentation_overhead_within_limit",
      "comparison_verdict": "environment_mismatch",
      "public_claim_state": "experimental",
      "release_claim_effect": "authoritative_claim",
      "docs_wording_id": "perf.fuse.read.authoritative",
      "follow_up_bead": "bd-rchk5.3",
      "output_path": "results/fuse_sequential_read_4k.json",
      "raw_stdout_path": "raw/environment_mismatch_fuse_read.stdout",
      "raw_stderr_path": "raw/environment_mismatch_fuse_read.stderr",
      "reproduction_command": "scripts/mount_benchmark_probe.sh --bin target/release-perf/ffs-cli --image datasets/ext4_16mib_read.img --mount-root artifacts/performance/dry-run/mnt --mode cold"
    },
    {
      "fixture_id": "fixture_budget_exceeded_mvcc",
      "workload_id": "mvcc_optimistic_commit_no_conflict",
      "claim_tier_before": "measured_local",
      "claim_tier_after": "experimental",
      "evidence_authority": "local",
      "baseline_id": "baseline-20260406",
      "baseline_artifact_hash": "sha256:1717171717171717171717171717171717171717171717171717171717171717",
      "current_artifact_id": "current-budget-exceeded-mvcc",
      "current_artifact_hash": "sha256:1818181818181818181818181818181818181818181818181818181818181818",
      "environment_fingerprint": "env:reference-threadripper:fuse-off:release-perf",
      "environment_matches_claim_lane": true,
      "metric_unit": "ops_per_sec",
      "observed_value": 105.0,
      "threshold": {
        "warn_percent": 20.0,
        "fail_percent": 40.0,
        "max_cv": 0.1
      },
      "baseline_age_days": 2,
      "freshness_window_days": 14,
      "overhead_budget": {
        "max_runtime_seconds": 300.0,
        "max_memory_mib": 4096,
        "max_instrumentation_overhead_percent": 5.0
      },
      "runtime_seconds": 420.0,
      "memory_mib": 5120,
      "instrumentation_overhead_percent": 2.0,
      "statistical_summary": {
        "sample_count": 30,
        "median": 105.0,
        "p95": 124.0,
        "p99": 136.0,
        "coefficient_of_variation": 0.05
      },
      "stale_baseline_expiry_days": 14,
      "coefficient_of_variation": 0.05,
      "noise_decision": "noise_within_budget",
      "stale_decision": "fresh",
      "budget_decision": "budget_exceeded",
      "overhead_decision": "instrumentation_overhead_within_limit",
      "comparison_verdict": "budget_exceeded",
      "public_claim_state": "experimental",
      "release_claim_effect": "local_claim",
      "docs_wording_id": "perf.mvcc.local",
      "follow_up_bead": "bd-rchk5.2",
      "output_path": "results/mvcc_optimistic_commit_no_conflict.json",
      "raw_stdout_path": "raw/budget_exceeded_mvcc.stdout",
      "raw_stderr_path": "raw/budget_exceeded_mvcc.stderr",
      "reproduction_command": "cargo bench -p ffs-mvcc --profile release-perf --bench wal_throughput -- wal_commit_4k_sync"
    },
    {
      "fixture_id": "fixture_overhead_exceeded_repair_refresh",
      "workload_id": "repair_symbol_refresh_staleness_latency",
      "claim_tier_before": "experimental",
      "claim_tier_after": "experimental",
      "evidence_authority": "local",
      "baseline_id": "baseline-20260406",
      "baseline_artifact_hash": "sha256:1919191919191919191919191919191919191919191919191919191919191919",
      "current_artifact_id": "current-overhead-exceeded-repair-refresh",
      "current_artifact_hash": "sha256:2020202020202020202020202020202020202020202020202020202020202020",
      "environment_fingerprint": "env:reference-threadripper:fuse-off:release-perf",
      "environment_matches_claim_lane": true,
      "metric_unit": "milliseconds",
      "observed_value": 107.0,
      "threshold": {
        "warn_percent": 10.0,
        "fail_percent": 20.0,
        "max_cv": 0.1
      },
      "baseline_age_days": 2,
      "freshness_window_days": 14,
      "overhead_budget": {
        "max_runtime_seconds": 360.0,
        "max_memory_mib": 8192,
        "max_instrumentation_overhead_percent": 5.0
      },
      "runtime_seconds": 150.0,
      "memory_mib": 2048,
      "instrumentation_overhead_percent": 8.0,
      "statistical_summary": {
        "sample_count": 30,
        "median": 107.0,
        "p95": 129.0,
        "p99": 141.0,
        "coefficient_of_variation": 0.05
      },
      "stale_baseline_expiry_days": 14,
      "coefficient_of_variation": 0.05,
      "noise_decision": "noise_within_budget",
      "stale_decision": "fresh",
      "budget_decision": "budget_within_limit",
      "overhead_decision": "instrumentation_overhead_exceeded",
      "comparison_verdict": "instrumentation_overhead_exceeded",
      "public_claim_state": "experimental",
      "release_claim_effect": "experimental_only",
      "docs_wording_id": "perf.repair.refresh.experimental",
      "follow_up_bead": "bd-rchk5.2",
      "output_path": "results/repair_symbol_refresh_staleness_latency.json",
      "raw_stdout_path": "raw/overhead_exceeded_repair_refresh.stdout",
      "raw_stderr_path": "raw/overhead_exceeded_repair_refresh.stderr",
      "reproduction_command": "cargo bench -p ffs-repair --profile release-perf --bench scrub_codec -- repair_symbol_refresh_staleness_latency"
    },
    {
      "fixture_id": "fixture_degraded_accepted_fuse",
      "workload_id": "fuse_metadata_readdir_1k",
      "claim_tier_before": "measured_authoritative",
      "claim_tier_after": "degraded_but_accepted",
      "evidence_authority": "authoritative",
      "baseline_id": "baseline-20260406",
      "baseline_artifact_hash": "sha256:2121212121212121212121212121212121212121212121212121212121212121",
      "current_artifact_id": "current-degraded-accepted-fuse",
      "current_artifact_hash": "sha256:2323232323232323232323232323232323232323232323232323232323232323",
      "environment_fingerprint": "env:reference-threadripper:fuse-on:release-perf",
      "environment_matches_claim_lane": true,
      "metric_unit": "milliseconds",
      "observed_value": 60.0,
      "threshold": {
        "warn_percent": 25.0,
        "fail_percent": 50.0,
        "max_cv": 0.1
      },
      "baseline_age_days": 2,
      "freshness_window_days": 7,
      "overhead_budget": {
        "max_runtime_seconds": 420.0,
        "max_memory_mib": 4096,
        "max_instrumentation_overhead_percent": 7.5
      },
      "runtime_seconds": 200.0,
      "memory_mib": 2048,
      "instrumentation_overhead_percent": 3.0,
      "statistical_summary": {
        "sample_count": 30,
        "median": 60.0,
        "p95": 78.0,
        "p99": 92.0,
        "coefficient_of_variation": 0.05
      },
      "stale_baseline_expiry_days": 7,
      "coefficient_of_variation": 0.05,
      "noise_decision": "noise_within_budget",
      "stale_decision": "fresh",
      "budget_decision": "budget_within_limit",
      "overhead_decision": "instrumentation_overhead_within_limit",
      "comparison_verdict": "degraded_but_accepted",
      "public_claim_state": "degraded_but_accepted",
      "release_claim_effect": "authoritative_claim",
      "docs_wording_id": "perf.fuse.readdir.authoritative",
      "follow_up_bead": "bd-rchk5.3",
      "output_path": "results/fuse_metadata_readdir_1k.degraded.json",
      "raw_stdout_path": "raw/degraded_accepted_fuse.stdout",
      "raw_stderr_path": "raw/degraded_accepted_fuse.stderr",
      "reproduction_command": "scripts/mount_benchmark_probe.sh --bin target/release-perf/ffs-cli --image datasets/ext4_1k_readdir.img --mount-root artifacts/performance/dry-run/mnt --mode warm"
    },
    {
      "fixture_id": "fixture_blocked_core",
      "workload_id": "block_io_direct_sequential_4k_read",
      "claim_tier_before": "regression_free",
      "claim_tier_after": "blocked",
      "evidence_authority": "authoritative",
      "baseline_id": "baseline-20260406",
      "baseline_artifact_hash": "sha256:2424242424242424242424242424242424242424242424242424242424242424",
      "current_artifact_id": "current-blocked-core",
      "current_artifact_hash": "sha256:2525252525252525252525252525252525252525252525252525252525252525",
      "environment_fingerprint": "env:reference-threadripper:fuse-off:release-perf",
      "environment_matches_claim_lane": true,
      "metric_unit": "nanoseconds",
      "observed_value": 101.0,
      "threshold": {
        "warn_percent": 12.0,
        "fail_percent": 25.0,
        "max_cv": 0.1
      },
      "baseline_age_days": 2,
      "freshness_window_days": 14,
      "overhead_budget": {
        "max_runtime_seconds": 300.0,
        "max_memory_mib": 4096,
        "max_instrumentation_overhead_percent": 5.0
      },
      "runtime_seconds": 120.0,
      "memory_mib": 1024,
      "instrumentation_overhead_percent": 2.0,
      "statistical_summary": {
        "sample_count": 30,
        "median": 101.0,
        "p95": 119.0,
        "p99": 127.0,
        "coefficient_of_variation": 0.04
      },
      "stale_baseline_expiry_days": 14,
      "coefficient_of_variation": 0.04,
      "noise_decision": "noise_within_budget",
      "stale_decision": "fresh",
      "budget_decision": "budget_within_limit",
      "overhead_decision": "instrumentation_overhead_within_limit",
      "comparison_verdict": "blocked",
      "public_claim_state": "blocked",
      "release_claim_effect": "regression_free_claim",
      "docs_wording_id": "perf.block_io.regression_free",
      "follow_up_bead": "bd-rchk5.2",
      "output_path": "results/block_io_direct_sequential_4k_read.blocked.json",
      "raw_stdout_path": "raw/blocked_core.stdout",
      "raw_stderr_path": "raw/blocked_core.stderr",
      "reproduction_command": "cargo bench -p ffs-block --profile release-perf --bench arc_cache -- block_cache_arc_sequential_scan"
    }
  ],
  "fixture_classification_counts": {
    "blocked": 1,
    "budget_exceeded": 1,
    "degraded_but_accepted": 1,
    "environment_mismatch": 1,
    "fail": 1,
    "instrumentation_overhead_exceeded": 1,
    "missing": 1,
    "missing_baseline": 1,
    "noisy": 1,
    "pass": 1,
    "stale": 1,
    "warn": 1
  },
  "quarantined_workloads": [
    "arc_cache_warm_read_latency",
    "fuse_metadata_readdir_1k",
    "fuse_sequential_read_4k",
    "long_campaign_writeback_cache_smoke",
    "mvcc_conflict_detection_rate",
    "mvcc_optimistic_commit_no_conflict",
    "repair_lrc_encode_throughput",
    "repair_symbol_refresh_staleness_latency"
  ],
  "sample_artifact_manifest_errors": [],
  "errors": []
}
