---
source: crates/ffs-harness/src/perf_triage.rs
expression: json
---
{
  "operation_id": "test_op",
  "family": "parser",
  "cause": "code_regression",
  "action": "bisect_commits",
  "rationale": "test_op: Fail — delta 30.0%, effect 1.20 (large), p=0.000",
  "should_block": false,
  "runbook_ref": "docs/runbooks/perf-regression-triage.md#step-5",
  "followup_command": "git log --oneline -10 -- crates/ && rch exec -- scripts/benchmark_record.sh --op test_op --runs 10"
}
