---
source: crates/ffs-harness/src/proof_bundle.rs
expression: markdown
---
# FrankenFS Proof Bundle

- Bundle: `proof-bundle-sample`
- Manifest: `$BUNDLE/manifest.json`
- Valid: `true`
- Totals: pass=5 fail=3 skip=3 error=3 lanes=14 scenarios=14 artifacts=16
- Diagnostics: missing_lanes=0 duplicate_lanes=0 duplicate_scenarios=0 broken_links=0 hash_mismatches=0 redaction_errors=0 redaction_leaks=0 integrity_errors=0 errors=0 warnings=0
- Artifact hash chain: observed=`4f1fc442186bc8859d88f19a4f6c6cbb36e443052544b1879c566cbec08c5965` expected=`4f1fc442186bc8859d88f19a4f6c6cbb36e443052544b1879c566cbec08c5965` artifacts=16 redaction_policy_version=`redaction-v1`
- Reproduction: `cargo run -p ffs-harness -- validate-proof-bundle --bundle manifest.json`

## Lanes
| Lane | Outcome | Scenarios | Artifacts | Raw log | Summary |
|---|---:|---:|---:|---|---|
| `conformance` | `pass` | 1 | 1 | [logs/conformance.log](logs/conformance.log) | [summaries/conformance.md](summaries/conformance.md) |
| `xfstests` | `fail` | 1 | 1 | [logs/xfstests.log](logs/xfstests.log) | [summaries/xfstests.md](summaries/xfstests.md) |
| `fuse` | `skip` | 1 | 1 | [logs/fuse.log](logs/fuse.log) | [summaries/fuse.md](summaries/fuse.md) |
| `differential_oracle` | `error` | 1 | 1 | [logs/differential_oracle.log](logs/differential_oracle.log) | [summaries/differential_oracle.md](summaries/differential_oracle.md) |
| `repair_lab` | `pass` | 1 | 1 | [logs/repair_lab.log](logs/repair_lab.log) | [summaries/repair_lab.md](summaries/repair_lab.md) |
| `crash_replay` | `fail` | 1 | 1 | [logs/crash_replay.log](logs/crash_replay.log) | [summaries/crash_replay.md](summaries/crash_replay.md) |
| `performance` | `skip` | 1 | 1 | [logs/performance.log](logs/performance.log) | [summaries/performance.md](summaries/performance.md) |
| `swarm_workload_harness` | `error` | 1 | 1 | [logs/swarm_workload_harness.log](logs/swarm_workload_harness.log) | [summaries/swarm_workload_harness.md](summaries/swarm_workload_harness.md) |
| `swarm_tail_latency` | `pass` | 1 | 2 | [logs/swarm_tail_latency.log](logs/swarm_tail_latency.log) | [summaries/swarm_tail_latency.md](summaries/swarm_tail_latency.md) |
| `writeback_cache` | `fail` | 1 | 1 | [logs/writeback_cache.log](logs/writeback_cache.log) | [summaries/writeback_cache.md](summaries/writeback_cache.md) |
| `scrub_repair_status` | `skip` | 1 | 1 | [logs/scrub_repair_status.log](logs/scrub_repair_status.log) | [summaries/scrub_repair_status.md](summaries/scrub_repair_status.md) |
| `known_deferrals` | `error` | 1 | 1 | [logs/known_deferrals.log](logs/known_deferrals.log) | [summaries/known_deferrals.md](summaries/known_deferrals.md) |
| `release_gates` | `pass` | 1 | 1 | [logs/release_gates.log](logs/release_gates.log) | [summaries/release_gates.md](summaries/release_gates.md) |
| `adaptive_runtime` | `pass` | 1 | 2 | [logs/adaptive_runtime.log](logs/adaptive_runtime.log) | [summaries/adaptive_runtime.md](summaries/adaptive_runtime.md) |

## Lane Provenance
| Lane | Outcome | Provenance | Claim effect | Artifact roles | Source command | Git SHA | Freshness | Host class | Raw log | Rationale |
|---|---:|---|---|---|---|---|---|---|---|---|
| `conformance` | `pass` | `executed_product_evidence` | `strengthens_public_claim` | `primary_evidence` | `cargo run -p ffs-harness -- validate-conformance` | `abcdef1` | `freshness_not_declared` | `not_declared` | [logs/conformance.log](logs/conformance.log) | `executed product evidence with outcome=pass has claim_effect=strengthens_public_claim` |
| `xfstests` | `fail` | `executed_product_evidence` | `blocks_public_claim` | `primary_evidence` | `cargo run -p ffs-harness -- validate-xfstests` | `abcdef1` | `freshness_not_declared` | `not_declared` | [logs/xfstests.log](logs/xfstests.log) | `executed product evidence with outcome=fail has claim_effect=blocks_public_claim` |
| `fuse` | `skip` | `executed_product_evidence` | `does_not_strengthen_public_claim` | `primary_evidence` | `cargo run -p ffs-harness -- validate-fuse` | `abcdef1` | `freshness_not_declared` | `not_declared` | [logs/fuse.log](logs/fuse.log) | `executed product evidence with outcome=skip has claim_effect=does_not_strengthen_public_claim` |
| `differential_oracle` | `error` | `executed_product_evidence` | `blocks_public_claim` | `primary_evidence` | `cargo run -p ffs-harness -- validate-differential_oracle` | `abcdef1` | `freshness_not_declared` | `not_declared` | [logs/differential_oracle.log](logs/differential_oracle.log) | `executed product evidence with outcome=error has claim_effect=blocks_public_claim` |
| `repair_lab` | `pass` | `executed_product_evidence` | `strengthens_public_claim` | `primary_evidence` | `cargo run -p ffs-harness -- validate-repair_lab` | `abcdef1` | `freshness_not_declared` | `not_declared` | [logs/repair_lab.log](logs/repair_lab.log) | `executed product evidence with outcome=pass has claim_effect=strengthens_public_claim` |
| `crash_replay` | `fail` | `executed_product_evidence` | `blocks_public_claim` | `primary_evidence` | `cargo run -p ffs-harness -- validate-crash_replay` | `abcdef1` | `freshness_not_declared` | `not_declared` | [logs/crash_replay.log](logs/crash_replay.log) | `executed product evidence with outcome=fail has claim_effect=blocks_public_claim` |
| `performance` | `skip` | `executed_product_evidence` | `does_not_strengthen_public_claim` | `primary_evidence` | `cargo run -p ffs-harness -- validate-performance` | `abcdef1` | `freshness_not_declared` | `not_declared` | [logs/performance.log](logs/performance.log) | `executed product evidence with outcome=skip has claim_effect=does_not_strengthen_public_claim` |
| `swarm_workload_harness` | `error` | `small_host_smoke` | `experimental_only` | `swarm_validator_report` | `cargo run -p ffs-harness -- validate-swarm_workload_harness` | `abcdef1` | `fresh` | `developer_smoke` | [logs/swarm_workload_harness.log](logs/swarm_workload_harness.log) | `small-host smoke evidence is useful for regression checks but only supports experimental claims` |
| `swarm_tail_latency` | `pass` | `executed_product_evidence` | `strengthens_public_claim` | `p99_attribution_ledger,swarm_validator_report` | `cargo run -p ffs-harness -- validate-swarm_tail_latency` | `abcdef1` | `fresh` | `permissioned_large_host` | [logs/swarm_tail_latency.log](logs/swarm_tail_latency.log) | `executed product evidence with outcome=pass has claim_effect=strengthens_public_claim` |
| `writeback_cache` | `fail` | `executed_product_evidence` | `blocks_public_claim` | `primary_evidence` | `cargo run -p ffs-harness -- validate-writeback_cache` | `abcdef1` | `freshness_not_declared` | `not_declared` | [logs/writeback_cache.log](logs/writeback_cache.log) | `executed product evidence with outcome=fail has claim_effect=blocks_public_claim` |
| `scrub_repair_status` | `skip` | `executed_product_evidence` | `does_not_strengthen_public_claim` | `primary_evidence` | `cargo run -p ffs-harness -- validate-scrub_repair_status` | `abcdef1` | `freshness_not_declared` | `not_declared` | [logs/scrub_repair_status.log](logs/scrub_repair_status.log) | `executed product evidence with outcome=skip has claim_effect=does_not_strengthen_public_claim` |
| `known_deferrals` | `error` | `unsupported_future_scope` | `does_not_strengthen_public_claim` | `primary_evidence` | `cargo run -p ffs-harness -- validate-known_deferrals` | `abcdef1` | `freshness_not_declared` | `not_declared` | [logs/known_deferrals.log](logs/known_deferrals.log) | `unsupported future-scope material is tracked as deferral context only` |
| `release_gates` | `pass` | `executed_product_evidence` | `strengthens_public_claim` | `primary_evidence` | `cargo run -p ffs-harness -- validate-release_gates` | `abcdef1` | `freshness_not_declared` | `not_declared` | [logs/release_gates.log](logs/release_gates.log) | `executed product evidence with outcome=pass has claim_effect=strengthens_public_claim` |
| `adaptive_runtime` | `pass` | `executed_product_evidence` | `strengthens_public_claim` | `adaptive_runtime_runner_report,adaptive_runtime_validator_report` | `cargo run -p ffs-harness -- validate-adaptive_runtime` | `abcdef1` | `fresh` | `accepted_large_host` | [logs/adaptive_runtime.log](logs/adaptive_runtime.log) | `executed product evidence with outcome=pass has claim_effect=strengthens_public_claim` |

## Swarm Evidence
| Lane | Outcome | Host class | Freshness | Release claim | Manifest hash | Validator report | P99 artifact | Raw log | Downgrade/skip rationale |
|---|---:|---|---|---|---|---|---|---|---|
| `swarm_workload_harness` | `error` | `developer_smoke` | `fresh` | `error` | `aaaaaaaaaaaaaaaaaaaaaaaaaaaaaaaaaaaaaaaaaaaaaaaaaaaaaaaaaaaaaaaa` | `artifacts/swarm_workload_harness.json` | `n/a` | [logs/swarm_workload_harness.log](logs/swarm_workload_harness.log) | `swarm evidence errored and blocks release wording` |
| `swarm_tail_latency` | `pass` | `permissioned_large_host` | `fresh` | `authoritative_large_host` | `aaaaaaaaaaaaaaaaaaaaaaaaaaaaaaaaaaaaaaaaaaaaaaaaaaaaaaaaaaaaaaaa` | `artifacts/swarm_tail_latency.json` | `artifacts/swarm_tail_latency_p99_attribution.json` | [logs/swarm_tail_latency.log](logs/swarm_tail_latency.log) | `n/a` |

## Adaptive Runtime Evidence
| Lane | Outcome | Scenario | Run | Freshness | Release claim | Host class | Cleanup | Validator report | Runner report | Raw log | Downgrade/skip rationale |
|---|---:|---|---|---|---|---|---|---|---|---|---|
| `adaptive_runtime` | `pass` | `adaptive_runtime_accepted_large_host` | `adaptive-runtime-run-20260507T000000Z` | `fresh` | `accepted_large_host` | `accepted_large_host` | `clean` | `artifacts/adaptive_runtime.json` | `artifacts/adaptive_runtime_runner.json` | [logs/adaptive_runtime.log](logs/adaptive_runtime.log) | `n/a` |
