---
source: crates/ffs-harness/src/e2e.rs
expression: json
---
{
  "seed": 17700692813986922497,
  "operation_count": 4,
  "operations_executed": 4,
  "passed": false,
  "corruption_cycles": 1,
  "repaired_cycles": 0,
  "final_file_size": 4096,
  "final_sha256": "0f343b0931126a20f133d67c2b018a3b",
  "operation_mix": {
    "corruption_cycle": 1,
    "fsync": 1,
    "write": 2
  },
  "failure": {
    "operation_index": 3,
    "operation": {
      "kind": "corruption_cycle",
      "offset": 128,
      "len": 32
    },
    "reason": "full verify mismatch",
    "expected_sha256": "f00ba4",
    "actual_sha256": "badc0de"
  },
  "duration_us": 0,
  "output_dir": "artifacts/e2e/fsx"
}
