---
source: crates/ffs-harness/src/wal_group_commit_gate.rs
expression: json
---
{
  "schema_version": 1,
  "gate_id": "bd-p2j3e.4-wal-group-commit-gate-v1",
  "valid": true,
  "invariant_count": 7,
  "replay_proof_count": 2,
  "scenario_count": 2,
  "measurement_count": 6,
  "missing_reference_count": 1,
  "public_claim_authoritative_count": 1,
  "classification_counts": {
    "fail": 2,
    "missing_reference": 1,
    "noisy": 1,
    "pass": 1,
    "warn": 1
  },
  "expected_loss_selected_candidate_id": "parallel_epoch_group_commit",
  "expected_loss_best_candidate_id": "parallel_epoch_group_commit",
  "expected_loss_rows": [
    {
      "candidate_id": "current_serial_wal",
      "scenario_id": "wal_append_256gb_authoritative",
      "batching_depth": 1,
      "expected_loss": 8.221112500000002,
      "p99_fsync_latency_us": 4900.0,
      "throughput_ops_per_sec": 18000.0,
      "replay_risk_ppm": 5.0,
      "memory_footprint_mb": 64.0,
      "durable_publish_lag_us": 80.0
    },
    {
      "candidate_id": "parallel_epoch_group_commit",
      "scenario_id": "wal_append_256gb_authoritative",
      "batching_depth": 32,
      "expected_loss": 0.08525,
      "p99_fsync_latency_us": 1850.0,
      "throughput_ops_per_sec": 34000.0,
      "replay_risk_ppm": 15.0,
      "memory_footprint_mb": 512.0,
      "durable_publish_lag_us": 210.0
    },
    {
      "candidate_id": "deep_batch_fail",
      "scenario_id": "wal_append_256gb_authoritative",
      "batching_depth": 256,
      "expected_loss": 0.34846484375,
      "p99_fsync_latency_us": 6500.0,
      "throughput_ops_per_sec": 41000.0,
      "replay_risk_ppm": 1500.0,
      "memory_footprint_mb": 1500.0,
      "durable_publish_lag_us": 1900.0
    }
  ],
  "rows": [
    {
      "scenario_id": "wal_append_256gb_authoritative",
      "candidate_id": "current_serial_wal",
      "workload_class": "append_fsync",
      "lane": "permissioned_large_host",
      "host_meets_target": true,
      "comparable_reference_present": true,
      "replay_proof_passed": true,
      "batching_depth": 1,
      "group_commit_width": 1,
      "p99_fsync_latency_us": 4900.0,
      "throughput_ops_per_sec": 18000.0,
      "replay_risk_ppm": 15.0,
      "memory_footprint_mb": 64.0,
      "durable_publish_lag_us": 80.0,
      "claim_state": "blocked",
      "classification": "fail",
      "expected_classification": "fail"
    },
    {
      "scenario_id": "wal_append_256gb_authoritative",
      "candidate_id": "parallel_epoch_group_commit",
      "workload_class": "append_fsync",
      "lane": "permissioned_large_host",
      "host_meets_target": true,
      "comparable_reference_present": true,
      "replay_proof_passed": true,
      "batching_depth": 32,
      "group_commit_width": 16,
      "p99_fsync_latency_us": 1850.0,
      "throughput_ops_per_sec": 34000.0,
      "replay_risk_ppm": 15.0,
      "memory_footprint_mb": 512.0,
      "durable_publish_lag_us": 210.0,
      "claim_state": "measured_authoritative",
      "classification": "pass",
      "expected_classification": "pass"
    },
    {
      "scenario_id": "wal_append_256gb_authoritative",
      "candidate_id": "wide_batch_warn",
      "workload_class": "append_fsync",
      "lane": "permissioned_large_host",
      "host_meets_target": true,
      "comparable_reference_present": true,
      "replay_proof_passed": true,
      "batching_depth": 96,
      "group_commit_width": 32,
      "p99_fsync_latency_us": 2650.0,
      "throughput_ops_per_sec": 37000.0,
      "replay_risk_ppm": 15.0,
      "memory_footprint_mb": 550.0,
      "durable_publish_lag_us": 430.0,
      "claim_state": "fixture_smoke_only",
      "classification": "warn",
      "expected_classification": "warn"
    },
    {
      "scenario_id": "wal_append_256gb_authoritative",
      "candidate_id": "deep_batch_fail",
      "workload_class": "append_fsync",
      "lane": "permissioned_large_host",
      "host_meets_target": true,
      "comparable_reference_present": true,
      "replay_proof_passed": true,
      "batching_depth": 256,
      "group_commit_width": 64,
      "p99_fsync_latency_us": 6500.0,
      "throughput_ops_per_sec": 41000.0,
      "replay_risk_ppm": 15.0,
      "memory_footprint_mb": 1500.0,
      "durable_publish_lag_us": 1900.0,
      "claim_state": "blocked",
      "classification": "fail",
      "expected_classification": "fail"
    },
    {
      "scenario_id": "wal_append_256gb_authoritative",
      "candidate_id": "wide_batch_noisy",
      "workload_class": "append_fsync",
      "lane": "permissioned_large_host",
      "host_meets_target": true,
      "comparable_reference_present": true,
      "replay_proof_passed": true,
      "batching_depth": 64,
      "group_commit_width": 32,
      "p99_fsync_latency_us": 2100.0,
      "throughput_ops_per_sec": 35500.0,
      "replay_risk_ppm": 15.0,
      "memory_footprint_mb": 540.0,
      "durable_publish_lag_us": 260.0,
      "claim_state": "fixture_smoke_only",
      "classification": "noisy",
      "expected_classification": "noisy"
    },
    {
      "scenario_id": "wal_smoke_missing_reference",
      "candidate_id": "parallel_epoch_group_commit",
      "workload_class": "fixture_smoke",
      "lane": "developer_smoke",
      "host_meets_target": false,
      "comparable_reference_present": false,
      "replay_proof_passed": true,
      "batching_depth": 16,
      "group_commit_width": 8,
      "p99_fsync_latency_us": 2900.0,
      "throughput_ops_per_sec": 12000.0,
      "replay_risk_ppm": 15.0,
      "memory_footprint_mb": 256.0,
      "durable_publish_lag_us": 180.0,
      "claim_state": "missing_reference",
      "classification": "missing_reference",
      "expected_classification": "missing_reference"
    }
  ],
  "errors": []
}
