---
source: crates/ffs-harness/src/btrfs_multidevice_corpus.rs
expression: markdown
---
# Btrfs Multi-Device Corpus

- corpus: `frankenfs_btrfs_multidev_v1`
- schema version: `1`
- bead: `bd-ch373`
- valid: `true`
- scenarios: `6`

## Scenario Kinds
- `device_order_permutation`
- `duplicate_device_id`
- `healthy_assembly`
- `missing_device`
- `stale_superblock`
- `unsupported_profile`

## Profiles
- `raid1`
- `raid5`
