---
source: crates/ffs-harness/src/report_schema_inventory.rs
expression: markdown
---
# Report Schema Inventory

- Inventory ID: `ffs_harness_serialized_report_schema_inventory_v1`
- Valid: `true`
- Product evidence claim: `none`
- Reproduction command: `ffs-harness validate-report-schema-inventory --out artifacts/report-schema-inventory/report.json --summary-out artifacts/report-schema-inventory/report.md`

## Counts

| Metric | Count |
|---|---:|
| Total rows | 43 |
| Required rows | 6 |
| Advisory-only rows | 35 |
| Permissioned-only rows | 1 |
| Covered rows | 42 |
| Missing rows | 0 |
| Excluded rows | 1 |

## Uncovered Required Reports

None.

## Row Results

| Report ID | Requirement | Status | Missing Evidence | Errors |
|---|---|---|---|---|
| `adaptive_runtime_evidence_report` | `AdvisoryOnly` | `Covered` | none | none |
| `adaptive_runtime_runner_report` | `AdvisoryOnly` | `Covered` | none | none |
| `authoritative_lane_decision` | `Required` | `Covered` | none | none |
| `btrfs_multidev_corpus_report` | `AdvisoryOnly` | `Covered` | none | none |
| `btrfs_send_receive_corpus_report` | `AdvisoryOnly` | `Covered` | none | none |
| `casefold_corpus_report` | `AdvisoryOnly` | `Covered` | none | none |
| `fault_injection_corpus_report` | `AdvisoryOnly` | `Covered` | none | none |
| `low_privilege_demo_report` | `AdvisoryOnly` | `Covered` | none | none |
| `metamorphic_workload_seed_catalog_report` | `AdvisoryOnly` | `Covered` | none | none |
| `mounted_repair_mutation_boundary_report` | `AdvisoryOnly` | `Covered` | none | none |
| `mounted_repair_policy_report` | `AdvisoryOnly` | `Covered` | none | none |
| `mounted_write_error_report` | `AdvisoryOnly` | `Covered` | none | none |
| `mounted_write_matrix_report` | `AdvisoryOnly` | `Covered` | none | none |
| `open_ended_inventory_report` | `AdvisoryOnly` | `Covered` | none | none |
| `open_ended_note_scan_report` | `AdvisoryOnly` | `Covered` | none | none |
| `operational_readiness_report` | `Required` | `Covered` | none | none |
| `permissioned_campaign_reports` | `PermissionedOnly` | `Covered` | none | none |
| `proof_bundle_validation_report` | `Required` | `Covered` | none | none |
| `readiness_action_autopilot_source_reports` | `AdvisoryOnly` | `Covered` | none | none |
| `readiness_action_dry_run_metadata` | `Excluded` | `Excluded` | none | none |
| `readiness_action_dry_run_report` | `AdvisoryOnly` | `Covered` | none | none |
| `readiness_dashboard_report` | `Required` | `Covered` | none | none |
| `readiness_lab_host_simulation_report` | `AdvisoryOnly` | `Covered` | none | none |
| `readiness_lab_numa_p99_replay_report` | `AdvisoryOnly` | `Covered` | none | none |
| `readiness_lab_rch_lane_schedule_report` | `AdvisoryOnly` | `Covered` | none | none |
| `readiness_lab_truth_graph_report` | `AdvisoryOnly` | `Covered` | none | none |
| `readiness_lab_validation_report` | `AdvisoryOnly` | `Covered` | none | none |
| `release_gate_evaluation_report` | `Required` | `Covered` | none | none |
| `repair_corpus_report` | `AdvisoryOnly` | `Covered` | none | none |
| `repair_writeback_serialization_report` | `AdvisoryOnly` | `Covered` | none | none |
| `source_scope_manifest_report` | `AdvisoryOnly` | `Covered` | none | none |
| `source_scope_scan_report` | `AdvisoryOnly` | `Covered` | none | none |
| `swarm_cache_controller_report` | `AdvisoryOnly` | `Covered` | none | none |
| `swarm_operator_report` | `Required` | `Covered` | none | none |
| `swarm_tail_latency_report` | `AdvisoryOnly` | `Covered` | none | none |
| `swarm_workload_harness_report` | `AdvisoryOnly` | `Covered` | none | none |
| `topology_runtime_advisor_report` | `AdvisoryOnly` | `Covered` | none | none |
| `topology_runtime_advisor_scoring_report` | `AdvisoryOnly` | `Covered` | none | none |
| `tracker_source_hygiene_report` | `AdvisoryOnly` | `Covered` | none | none |
| `workload_corpus_report` | `AdvisoryOnly` | `Covered` | none | none |
| `writeback_cache_audit_report` | `AdvisoryOnly` | `Covered` | none | none |
| `writeback_crash_replay_report` | `AdvisoryOnly` | `Covered` | none | none |
| `writeback_ordering_report` | `AdvisoryOnly` | `Covered` | none | none |
