---
source: crates/ffs-harness/src/casefold_corpus.rs
expression: json
---
{
  "schema_version": 1,
  "corpus_id": "frankenfs_ext4_casefold_corpus_v1",
  "bead_id": "bd-9er6s",
  "case_count": 10,
  "operations_seen": [
    "create",
    "cross_directory_rename",
    "lookup",
    "mount_feature_check",
    "rename"
  ],
  "outcomes_seen": [
    "create_collision_refused",
    "create_success",
    "invalid_encoding_refused",
    "lookup_hit",
    "lookup_miss",
    "mount_feature_accepted",
    "rename_collision_refused",
    "rename_success"
  ],
  "kernel_compared_count": 9,
  "valid": true,
  "errors": []
}
