---
source: crates/ffs-harness/src/lib.rs
expression: json
---
{
  "domains": [
    {
      "domain": "ext4 metadata parsing",
      "implemented": 10,
      "total": 10,
      "coverage_percent": 100.0
    },
    {
      "domain": "btrfs metadata parsing",
      "implemented": 14,
      "total": 20,
      "coverage_percent": 70.0
    }
  ],
  "overall_implemented": 24,
  "overall_total": 30,
  "overall_coverage_percent": 80.0
}
