---
source: crates/ffs-harness/src/readiness_lab.rs
expression: serde_json::to_string_pretty(&shape)?
---
{
  "schema_version": 1,
  "lab_id": "readiness-lab-fixture",
  "manifest_path": "fixture.json",
  "valid": true,
  "artifact_count": 2,
  "lane_count": 1,
  "rch_assumption_count": 1,
  "advisory_artifact_count": 2,
  "stale_artifact_count": 0,
  "future_artifact_count": 0,
  "product_claim_violation_count": 0,
  "missing_required_field_count": 0,
  "duplicate_id_count": 0,
  "errors": [],
  "warnings": []
}
