---
source: crates/ffs-harness/src/report_schema_inventory.rs
expression: json
---
{
  "schema_version": 1,
  "inventory_id": "ffs_harness_serialized_report_schema_inventory_v1",
  "product_evidence_claim": "none",
  "reproduction_command": "ffs-harness validate-report-schema-inventory --out artifacts/report-schema-inventory/report.json --summary-out artifacts/report-schema-inventory/report.md",
  "report_valid": true,
  "counts": {
    "total_rows": 74,
    "required_rows": 7,
    "advisory_only_rows": 65,
    "permissioned_only_rows": 1,
    "covered_rows": 73,
    "missing_rows": 0,
    "excluded_rows": 1
  },
  "uncovered_required_report_ids": [],
  "first_row": {
    "report_id": "readiness_lab_validation_report",
    "module_path": "crates/ffs-harness/src/readiness_lab.rs",
    "rust_type": "ReadinessLabValidationReport",
    "producer": "validate-readiness-lab-contracts",
    "downstream_consumer": "readiness-lab advisory contracts and dashboard rows",
    "coverage_requirement": "advisory_only",
    "coverage_status": "covered",
    "evidence_test": "readiness_lab_validation_report_json_shape",
    "snapshot_path": "crates/ffs-harness/src/snapshots/ffs_harness__readiness_lab__tests__readiness_lab_validation_report_json_shape.snap",
    "claim_effect": "advisory_only_no_public_readiness_change"
  },
  "first_row_result": {
    "report_id": "adaptive_runtime_evidence_report",
    "coverage_requirement": "advisory_only",
    "coverage_status": "covered",
    "module_path": "crates/ffs-harness/src/adaptive_runtime_manifest.rs",
    "rust_type": "AdaptiveRuntimeEvidenceReport",
    "downstream_consumer": "adaptive runtime evidence manifest validator",
    "evidence_test": "adaptive_runtime_evidence_report_json_shape",
    "snapshot_path": "crates/ffs-harness/src/snapshots/ffs_harness__adaptive_runtime_manifest__tests__adaptive_runtime_evidence_report_json_shape.snap",
    "claim_effect": "advisory_only_no_public_readiness_change",
    "missing_evidence": [],
    "errors": []
  },
  "required_report_ids": [
    "swarm_operator_report",
    "proof_bundle_validation_report",
    "release_gate_evaluation_report",
    "operational_readiness_report",
    "readiness_dashboard_report",
    "authoritative_lane_decision",
    "authoritative_environment_decision"
  ],
  "excluded_report_ids": [
    "readiness_action_dry_run_metadata"
  ],
  "permissioned_only_report_ids": [
    "permissioned_campaign_reports"
  ]
}
