---
source: crates/ffs-harness/src/swarm_workload_harness.rs
expression: json
---
{
  "schema_version": 1,
  "manifest_id": "bd-p2j3e.2-swarm-workload-harness-v1",
  "valid": true,
  "profile_count": 5,
  "scenario_count": 2,
  "command_plan_count": 5,
  "required_workload_class_count": 5,
  "missing_workload_classes": [],
  "large_host_plan_count": 1,
  "host_downgrade_count": 1,
  "verdict_counts": {
    "pass": 1,
    "skip": 1
  },
  "classification_counts": {
    "capability_skip": 1,
    "pass": 1
  },
  "release_claim_counts": {
    "plan_ready": 1,
    "small_host_smoke": 1
  },
  "scenario_verdicts": [
    {
      "scenario_id": "swarm_workload_64c_256gb_dry_run_plan",
      "verdict": "pass",
      "classification": "pass",
      "release_claim_state": "plan_ready",
      "host_lane": "permissioned_large_host",
      "host_meets_target": true,
      "numa_authoritative": true,
      "issue_paths": []
    },
    {
      "scenario_id": "swarm_workload_small_host_smoke",
      "verdict": "skip",
      "classification": "capability_skip",
      "release_claim_state": "small_host_smoke",
      "host_lane": "developer_smoke",
      "host_meets_target": false,
      "numa_authoritative": false,
      "issue_paths": []
    }
  ],
  "profile_matrix": [
    {
      "workload_profile_id": "metadata_storm_dry_run",
      "workload_class": "metadata_storm",
      "plan_mode": "dry_run",
      "exact_command": "cargo run -p ffs-harness -- validate-swarm-workload-harness --manifest benchmarks/swarm_workload_harness_manifest.json",
      "max_threads": 64,
      "max_memory_gb": 64.0,
      "max_queue_depth": 4096,
      "shard_count": 64,
      "numa_policy": "pin metadata shards to observed NUMA nodes; downgrade if unavailable",
      "cleanup_policy": "no_host_mutation"
    },
    {
      "workload_profile_id": "append_fsync_dry_run",
      "workload_class": "append_fsync",
      "plan_mode": "dry_run",
      "exact_command": "cargo run -p ffs-harness -- validate-swarm-workload-harness --manifest benchmarks/swarm_workload_harness_manifest.json",
      "max_threads": 64,
      "max_memory_gb": 48.0,
      "max_queue_depth": 2048,
      "shard_count": 64,
      "numa_policy": "co-locate WAL shard and fsync workers per NUMA node when observable",
      "cleanup_policy": "no_host_mutation"
    },
    {
      "workload_profile_id": "mixed_read_write_dry_run",
      "workload_class": "mixed_read_write",
      "plan_mode": "dry_run",
      "exact_command": "cargo run -p ffs-harness -- validate-swarm-workload-harness --manifest benchmarks/swarm_workload_harness_manifest.json",
      "max_threads": 96,
      "max_memory_gb": 96.0,
      "max_queue_depth": 8192,
      "shard_count": 96,
      "numa_policy": "reader shards prefer local NUMA memory; writers pin to owning shard node",
      "cleanup_policy": "no_host_mutation"
    },
    {
      "workload_profile_id": "scrub_repair_overlap_dry_run",
      "workload_class": "scrub_repair_overlap",
      "plan_mode": "dry_run",
      "exact_command": "cargo run -p ffs-harness -- validate-swarm-workload-harness --manifest benchmarks/swarm_workload_harness_manifest.json",
      "max_threads": 80,
      "max_memory_gb": 80.0,
      "max_queue_depth": 4096,
      "shard_count": 64,
      "numa_policy": "repair morsels stay on the NUMA node owning the block-group shard",
      "cleanup_policy": "no_host_mutation"
    },
    {
      "workload_profile_id": "cache_pressure_dry_run",
      "workload_class": "cache_pressure",
      "plan_mode": "dry_run",
      "exact_command": "cargo run -p ffs-harness -- validate-swarm-workload-harness --manifest benchmarks/swarm_workload_harness_manifest.json",
      "max_threads": 96,
      "max_memory_gb": 192.0,
      "max_queue_depth": 8192,
      "shard_count": 128,
      "numa_policy": "cache shards allocate from local NUMA node; cross-node fallback is logged",
      "cleanup_policy": "no_host_mutation"
    }
  ],
  "issues": [],
  "errors": []
}
