---
source: crates/ffs-harness/src/open_ended_inventory.rs
expression: json
---
{
  "schema_version": 1,
  "manifest_id": "open_ended_inventory_source_scope_v1",
  "bead_id": "bd-lm0g9",
  "source_count": 10,
  "source_families": [
    "conformance_docs",
    "feature_parity_doc",
    "fixture_manifests",
    "fuzz_corpus_notes",
    "harness_scripts",
    "mounted_lane_docs",
    "performance_xfstests_notes",
    "readme_status_docs",
    "repair_docs",
    "tests"
  ],
  "non_applicable_families": [],
  "stale_sources": [],
  "valid": true,
  "errors": []
}
