---
source: crates/ffs-harness/src/btrfs_multidevice_corpus.rs
expression: json
---
{
  "schema_version": 1,
  "corpus_id": "frankenfs_btrfs_multidev_v1",
  "bead_id": "bd-ch373",
  "scenario_count": 6,
  "scenario_kinds": [
    "device_order_permutation",
    "duplicate_device_id",
    "healthy_assembly",
    "missing_device",
    "stale_superblock",
    "unsupported_profile"
  ],
  "profiles": [
    "raid1",
    "raid5"
  ],
  "valid": true,
  "errors": []
}
