---
source: crates/ffs-harness/src/low_privilege_demo.rs
expression: json
---
{
  "schema_version": 1,
  "manifest_id": "frankenfs_low_privilege_demo_v1",
  "bead_id": "bd-rchk0.5.13",
  "lane_count": 5,
  "low_privilege_kinds": [
    "invariant_oracle",
    "parser_unit",
    "release_gate_eval",
    "repair_dry_run"
  ],
  "host_skipped_lanes": [
    "mounted_smoke"
  ],
  "valid": true,
  "errors": []
}
