---
source: tools/ffs-ops/src/docs_status_drift.rs
expression: markdown
---
# FrankenFS Docs Status Drift

- Version: `bd-jtu4q-docs-status-drift-v1`
- Release gate pass: `true`
- Rules: `12`
- Observations: `12`
- Reproduction: `ffs-ops validate-docs-status-drift --issues .beads/issues.jsonl --feature-parity FEATURE_PARITY.md --out artifacts/docs-status/docs_status_drift.json --summary-out artifacts/docs-status/docs_status_drift.md`

## Observations
| Feature | Target | Expected | Drift | Wording | Remediation |
|---|---|---|---|---|---|
| `readonly_ext4_btrfs_inspection` | FEATURE_PARITY.md | `validated` | `matches` | `support.readonly-inspection.validated` | `bd-mpcse` |
| `mounted_write_paths` | README.md | `experimental` | `matches` | `docs.mounted-writes.experimental` | `bd-jtu4q` |
| `background_scrub` | COMPREHENSIVE_SPEC_FOR_FRANKENFS_V1.md | `detection-only` | `matches` | `docs.background-scrub.detection-only` | `bd-wjsuj` |
| `performance_claim_budget` | PLAN_TO_PORT_FRANKENFS_TO_RUST.md | `dry-run-only` | `matches` | `docs.performance.dry-run-only` | `bd-rchk5.2` |
| `btrfs_send_receive_streams` | EXISTING_EXT4_BTRFS_STRUCTURE.md | `parse-only` | `matches` | `docs.btrfs-send-receive.parse-only` | `bd-naww5` |
| `readonly_repair_with_ledger` | PROPOSED_ARCHITECTURE.md | `opt-in mutating` | `matches` | `docs.readonly-repair.opt-in-mutating` | `bd-wjsuj` |
| `fuse_writeback_cache` | CLI help/status text | `disabled` | `matches` | `docs.writeback-cache.disabled` | `bd-4nobd` |
| `unsupported_legacy_ext4_codecs` | scripts/e2e/README.md | `unsupported` | `matches` | `docs.ext4-legacy-codecs.unsupported` | `bd-mpcse` |
| `writeback_cache_negative_option` | proof-bundle summaries | `deferred` | `matches` | `docs.writeback-cache.deferred` | `bd-rchk0.2.1.1` |
| `performance_baseline_freshness` | README.md | `stale-evidence` | `matches` | `docs.performance.stale-evidence` | `bd-rchk5.2` |
| `rw_background_repair` | README.md | `host-blocked` | `matches` | `docs.rw-background-repair.host-blocked` | `bd-bqgy8` |
| `hostile_image_safety` | FEATURE_PARITY.md | `security-refused` | `matches` | `docs.hostile-image.security-refused` | `bd-0qx9b` |
