---
source: tools/ffs-ops/src/open_ended_inventory.rs
expression: "serde_json::to_string_pretty(&shape)?"
---
{
  "row_count": 16,
  "proof_types": [
    "parser-unit",
    "mounted-e2e",
    "corpus-seed",
    "golden-fixture",
    "long-campaign",
    "property-test",
    "security-audit",
    "docs-non-goal"
  ],
  "decisions": [
    "active-bead",
    "artifact-covered",
    "explicit-non-goal",
    "needs-follow-up"
  ],
  "error_count": 0,
  "row_samples": [
    {
      "id": "A1",
      "source_location": "fuzz/fuzz_targets/fuzz_fuse_splice_mount.rs; fuzz/fuzz_targets/fuzz_ioctl_dispatch.rs",
      "required_proof_type": "long-campaign",
      "decision": "artifact-covered",
      "linked_bead_or_artifact": "bd-rchk0.59; artifacts/fuzz/20260506_bd-rchk0_59_high_cursor_warm/campaign_summary.json",
      "owner_status": "covered by bounded copied-corpus campaign on thinkstation1; logs and repro command in artifacts/fuzz/20260506_bd-rchk0_59_high_cursor_warm/",
      "has_non_applicability_rationale": false
    },
    {
      "id": "A2",
      "source_location": "fuzz/fuzz_targets/fuzz_inode_roundtrip.rs",
      "required_proof_type": "corpus-seed",
      "decision": "artifact-covered",
      "linked_bead_or_artifact": "bd-rchk0.21; fuzz/fuzz_targets/fuzz_inode_roundtrip.rs",
      "owner_status": "covered by closed targeted fuzz artifact",
      "has_non_applicability_rationale": false
    },
    {
      "id": "A3",
      "source_location": "fuzz/fuzz_targets/fuzz_verification_runner.rs; crates/ffs-harness/src/verification_runner.rs",
      "required_proof_type": "corpus-seed",
      "decision": "artifact-covered",
      "linked_bead_or_artifact": "bd-93wfn; fuzz/fuzz_targets/fuzz_verification_runner.rs; fuzz/corpus/fuzz_verification_runner/seed_valid_invalid_markers",
      "owner_status": "covered by RCH compile, clippy, zero-run, and seed-corpus smoke for `fuzz_verification_runner`",
      "has_non_applicability_rationale": false
    },
    {
      "id": "A4",
      "source_location": "fuzz/fuzz_targets/fuzz_rch_capacity_preflight.rs; crates/ffs-harness/src/rch_capacity_preflight.rs",
      "required_proof_type": "corpus-seed",
      "decision": "artifact-covered",
      "linked_bead_or_artifact": "bd-rchfz; fuzz/fuzz_targets/fuzz_rch_capacity_preflight.rs; fuzz/corpus/fuzz_rch_capacity_preflight/seed_no_admissible_local_fallback_rejected.json",
      "owner_status": "covered by focused RCH fuzz target compile, clippy, zero-run, and seed-corpus smoke",
      "has_non_applicability_rationale": false
    }
  ]
}
